// Jest Snapshot v1, https://goo.gl/fbAQLP

exports[`<Dialog /> should render correctly 1`] = `null`;
