// Jest Snapshot v1, https://goo.gl/fbAQLP

exports[`renders theme with correct styles 1`] = `"Testing"`;
